// Jest Snapshot v1, https://goo.gl/fbAQLP

exports[`Pruebas en TodoList debe renderizarse correctamente 1`] = `
<ul
  className="list-movies"
>
  <TodoListItem
    handleDelete={[MockFunction]}
    handleToggle={[MockFunction]}
    index={0}
    key="1"
    todo={
      Object {
        "desc": "Ver...",
        "done": false,
        "id": 1,
      }
    }
  />
  <TodoListItem
    handleDelete={[MockFunction]}
    handleToggle={[MockFunction]}
    index={1}
    key="2"
    todo={
      Object {
        "desc": "Comprar...",
        "done": false,
        "id": 2,
      }
    }
  />
</ul>
`;
