// Jest Snapshot v1, https://goo.gl/fbAQLP

exports[`Pruebas en CounterApp Debe mostrar el componenente <CounterApp/> correctamente  1`] = `
<div
  className="center"
>
  <h1>
    Counter App
  </h1>
  <h2>
     
    0
     
  </h2>
  <button
    onClick={[Function]}
  >
    - 1
  </button>
  <button
    onClick={[Function]}
  >
    Reset
  </button>
  <button
    onClick={[Function]}
  >
    + 1
  </button>
</div>
`;
